---
source: crates/linksim-impls/src/minim/tests.rs
expression: snapshot
---
? - 0
  - 4
: bandwidth: 1000000000000
  sources:
    - id: 0
      delay2btl: 0
      link_rate: 10000000000
  flows:
    - id: 0
      source: 0
      qindex: 0
      size: 1000
      start: 0
      delay2dst: 4000
    - id: 1
      source: 0
      qindex: 0
      size: 1000
      start: 960
      delay2dst: 4000
  window: 18000
  dctcp_marking_threshold: 30000
  dctcp_gain: 0.0625
  dctcp_ai: 615000000
  sz_pktmax: 1000
  sz_pkthdr: 48
  timeout: ~
? - 4
  - 6
: bandwidth: 10000000000
  sources:
    - id: 0
      delay2btl: 1000
      link_rate: 10000000000
  flows:
    - id: 0
      source: 0
      qindex: 0
      size: 1000
      start: 0
      delay2dst: 4000
    - id: 1
      source: 0
      qindex: 0
      size: 1000
      start: 960
      delay2dst: 4000
  window: 18000
  dctcp_marking_threshold: 30000
  dctcp_gain: 0.0625
  dctcp_ai: 615000000
  sz_pktmax: 1000
  sz_pkthdr: 48
  timeout: ~
? - 5
  - 2
: bandwidth: 10000000000
  sources:
    - id: 0
      delay2btl: 3000
      link_rate: 10000000000
  flows:
    - id: 0
      source: 0
      qindex: 0
      size: 1000
      start: 0
      delay2dst: 4000
    - id: 1
      source: 0
      qindex: 0
      size: 1000
      start: 960
      delay2dst: 4000
  window: 18000
  dctcp_marking_threshold: 30000
  dctcp_gain: 0.0625
  dctcp_ai: 615000000
  sz_pktmax: 1000
  sz_pkthdr: 48
  timeout: ~
? - 6
  - 5
: bandwidth: 10000000000
  sources:
    - id: 0
      delay2btl: 2000
      link_rate: 10000000000
  flows:
    - id: 0
      source: 0
      qindex: 0
      size: 1000
      start: 0
      delay2dst: 4000
    - id: 1
      source: 0
      qindex: 0
      size: 1000
      start: 960
      delay2dst: 4000
  window: 18000
  dctcp_marking_threshold: 30000
  dctcp_gain: 0.0625
  dctcp_ai: 615000000
  sz_pktmax: 1000
  sz_pkthdr: 48
  timeout: ~
